2026.02.21 00:28:55 INFO  Started: Metals version 1.6.5 in folders 'C:\GANTone\backend' for client Visual Studio Code 1.109.4.
2026.02.21 00:28:55 INFO  Memory monitor started
2026.02.21 00:28:58 WARN  Using H2 2.4.240 which is newer than the version Flyway has been verified with. The latest verified version of H2 is 2.3.232.
2026.02.21 00:28:58 INFO  no build target found for C:\GANTone\backend\src\main\java\com\example\GANTone\GanToneApplication.java. Using fallback presentation compiler.
февр. 21, 2026 12:29:00 AM org.eclipse.lsp4j.jsonrpc.RemoteEndpoint handleCancellation
WARNING: Unmatched cancel notification for request id 2
2026.02.21 00:29:00 INFO  no build target found for C:\GANTone\backend\src\main\java\com\example\GANTone\GanToneApplication.java. Using fallback presentation compiler.
2026.02.21 00:29:00 INFO  no build target found for C:\GANTone\backend\src\main\java\com\example\GANTone\GanToneApplication.java. Using fallback presentation compiler.
2026.02.21 00:29:12 INFO  no build target found for C:\GANTone\backend\src\main\java\com\example\GANTone\GanToneApplication.java. Using fallback presentation compiler.
2026.02.21 00:29:26 INFO  no build target found for C:\GANTone\backend\src\main\java\com\example\GANTone\GanToneApplication.java. Using fallback presentation compiler.
2026.02.21 00:29:26 INFO  no build target found for C:\GANTone\backend\src\main\java\com\example\GANTone\GanToneApplication.java. Using fallback presentation compiler.
2026.02.21 00:29:28 INFO  no build target found for C:\GANTone\backend\src\main\java\com\example\GANTone\GanToneApplication.java. Using fallback presentation compiler.
2026.02.21 00:29:29 INFO  no build target found for C:\GANTone\backend\src\main\java\com\example\GANTone\GanToneApplication.java. Using fallback presentation compiler.
2026.02.21 00:29:29 INFO  no build target found for C:\GANTone\backend\src\main\java\com\example\GANTone\GanToneApplication.java. Using fallback presentation compiler.
2026.02.21 00:29:30 INFO  no build target found for C:\GANTone\backend\src\main\java\com\example\GANTone\GanToneApplication.java. Using fallback presentation compiler.
2026.02.21 00:29:30 INFO  no build target found for C:\GANTone\backend\src\main\java\com\example\GANTone\GanToneApplication.java. Using fallback presentation compiler.
2026.02.21 00:29:31 INFO  no build target found for C:\GANTone\backend\src\main\java\com\example\GANTone\GanToneApplication.java. Using fallback presentation compiler.
2026.02.21 00:29:31 INFO  no build target found for C:\GANTone\backend\src\main\java\com\example\GANTone\GanToneApplication.java. Using fallback presentation compiler.
2026.02.21 00:29:31 INFO  no build target found for C:\GANTone\backend\src\main\java\com\example\GANTone\GanToneApplication.java. Using fallback presentation compiler.
2026.02.21 00:29:33 INFO  no build target found for C:\GANTone\backend\src\main\java\com\example\GANTone\GanToneApplication.java. Using fallback presentation compiler.
2026.02.21 00:29:33 INFO  no build target found for C:\GANTone\backend\src\main\java\com\example\GANTone\GanToneApplication.java. Using fallback presentation compiler.
2026.02.21 00:29:33 INFO  no build target found for C:\GANTone\backend\src\main\java\com\example\GANTone\GanToneApplication.java. Using fallback presentation compiler.
2026.02.21 00:29:33 INFO  no build target found for C:\GANTone\backend\src\main\java\com\example\GANTone\GanToneApplication.java. Using fallback presentation compiler.
2026.02.21 00:29:34 INFO  no build target found for C:\GANTone\backend\src\main\java\com\example\GANTone\GanToneApplication.java. Using fallback presentation compiler.
2026.02.21 00:29:34 INFO  no build target found for C:\GANTone\backend\src\main\java\com\example\GANTone\GanToneApplication.java. Using fallback presentation compiler.
2026.02.21 00:29:34 INFO  no build target found for C:\GANTone\backend\src\main\java\com\example\GANTone\GanToneApplication.java. Using fallback presentation compiler.
2026.02.21 00:29:34 INFO  no build target found for C:\GANTone\backend\src\main\java\com\example\GANTone\GanToneApplication.java. Using fallback presentation compiler.
2026.02.21 00:29:34 INFO  no build target found for C:\GANTone\backend\src\main\java\com\example\GANTone\GanToneApplication.java. Using fallback presentation compiler.
февр. 21, 2026 12:29:35 AM org.eclipse.lsp4j.jsonrpc.RemoteEndpoint handleCancellation
WARNING: Unmatched cancel notification for request id 36
2026.02.21 00:29:34 INFO  no build target found for C:\GANTone\backend\src\main\java\com\example\GANTone\GanToneApplication.java. Using fallback presentation compiler.
2026.02.21 00:29:34 INFO  no build target found for C:\GANTone\backend\src\main\java\com\example\GANTone\GanToneApplication.java. Using fallback presentation compiler.
2026.02.21 00:29:35 INFO  no build target found for C:\GANTone\backend\src\main\java\com\example\GANTone\GanToneApplication.java. Using fallback presentation compiler.
2026.02.21 00:29:36 INFO  no build target found for C:\GANTone\backend\src\main\java\com\example\GANTone\GanToneApplication.java. Using fallback presentation compiler.
2026.02.21 00:29:35 INFO  no build target found for C:\GANTone\backend\src\main\java\com\example\GANTone\GanToneApplication.java. Using fallback presentation compiler.
2026.02.21 00:29:37 INFO  no build target found for c:\GANTone\backend\src\main\java\com\example\GANTone\GanToneApplication.java. Using fallback presentation compiler.
2026.02.21 00:29:37 INFO  no build target found for c:\GANTone\backend\src\main\java\com\example\GANTone\GanToneApplication.java. Using fallback presentation compiler.
февр. 21, 2026 12:29:37 AM org.eclipse.lsp4j.jsonrpc.RemoteEndpoint fallbackResponseError
SEVERE: Internal error: An unexpected exception occurred while executing jsonrpc method public abstract java.util.concurrent.CompletableFuture scala.meta.metals.lsp.TextDocumentService.definition(org.eclipse.lsp4j.TextDocumentPositionParams)
java.lang.IllegalStateException: An unexpected exception occurred while executing jsonrpc method public abstract java.util.concurrent.CompletableFuture scala.meta.metals.lsp.TextDocumentService.definition(org.eclipse.lsp4j.TextDocumentPositionParams)
	at org.eclipse.lsp4j.jsonrpc.services.GenericEndpoint.lambda$recursiveFindRpcMethods$0(GenericEndpoint.java:73)
	at org.eclipse.lsp4j.jsonrpc.services.GenericEndpoint.request(GenericEndpoint.java:128)
	at org.eclipse.lsp4j.jsonrpc.RemoteEndpoint.handleRequest(RemoteEndpoint.java:271)
	at org.eclipse.lsp4j.jsonrpc.RemoteEndpoint.consume(RemoteEndpoint.java:201)
	at org.eclipse.lsp4j.jsonrpc.json.StreamMessageProducer.handleMessage(StreamMessageProducer.java:185)
	at org.eclipse.lsp4j.jsonrpc.json.StreamMessageProducer.listen(StreamMessageProducer.java:97)
	at org.eclipse.lsp4j.jsonrpc.json.ConcurrentMessageProcessor.run(ConcurrentMessageProcessor.java:114)
	at java.base/java.util.concurrent.Executors$RunnableAdapter.call(Executors.java:545)
	at java.base/java.util.concurrent.FutureTask.run(FutureTask.java:328)
	at java.base/java.util.concurrent.ThreadPoolExecutor.runWorker(ThreadPoolExecutor.java:1095)
	at java.base/java.util.concurrent.ThreadPoolExecutor$Worker.run(ThreadPoolExecutor.java:619)
	at java.base/java.lang.Thread.run(Thread.java:1447)
Caused by: java.nio.file.NoSuchFileException: c:\GANTone\backend\src\main\java\com\example\GANTone\GanToneApplication.java
	at java.base/sun.nio.fs.WindowsException.translateToIOException(WindowsException.java:85)
	at java.base/sun.nio.fs.WindowsException.rethrowAsIOException(WindowsException.java:103)
	at java.base/sun.nio.fs.WindowsException.rethrowAsIOException(WindowsException.java:108)
	at java.base/sun.nio.fs.WindowsFileSystemProvider.newByteChannel(WindowsFileSystemProvider.java:231)
	at java.base/java.nio.file.Files.newByteChannel(Files.java:357)
	at java.base/java.nio.file.Files.newByteChannel(Files.java:399)
	at java.base/java.nio.file.Files.readAllBytes(Files.java:2970)
	at scala.meta.internal.io.PlatformFileIO$.slurp(PlatformFileIO.scala:38)
	at scala.meta.internal.io.FileIO$.slurp(FileIO.scala:18)
	at scala.meta.internal.mtags.ScalametaCommonEnrichments$XtensionAbsolutePath.toInput(ScalametaCommonEnrichments.scala:513)
	at scala.meta.internal.metals.DefinitionProvider.fromMtags(DefinitionProvider.scala:372)
	at scala.meta.internal.metals.DefinitionProvider.$anonfun$positionOccurrence$6(DefinitionProvider.scala:291)
	at scala.Option.orElse(Option.scala:477)
	at scala.meta.internal.metals.DefinitionProvider.$anonfun$positionOccurrence$1(DefinitionProvider.scala:291)
	at scala.Option.flatMap(Option.scala:283)
	at scala.meta.internal.metals.DefinitionProvider.positionOccurrence(DefinitionProvider.scala:276)
	at scala.meta.internal.metals.MetalsLspService.$anonfun$definitionOrReferences$1(MetalsLspService.scala:1732)
	at scala.Option.map(Option.scala:242)
	at scala.meta.internal.metals.MetalsLspService.definitionOrReferences(MetalsLspService.scala:1728)
	at scala.meta.internal.metals.MetalsLspService.$anonfun$definition$1(MetalsLspService.scala:961)
	at scala.meta.internal.metals.CancelTokens$.future(CancelTokens.scala:38)
	at scala.meta.internal.metals.MetalsLspService.definition(MetalsLspService.scala:960)
	at scala.meta.internal.metals.WorkspaceLspService.definition(WorkspaceLspService.scala:511)
	at scala.meta.metals.lsp.DelegatingScalaService.definition(DelegatingScalaService.scala:65)
	at java.base/jdk.internal.reflect.DirectMethodHandleAccessor.invoke(DirectMethodHandleAccessor.java:104)
	at java.base/java.lang.reflect.Method.invoke(Method.java:565)
	at org.eclipse.lsp4j.jsonrpc.services.GenericEndpoint.lambda$recursiveFindRpcMethods$0(GenericEndpoint.java:65)
	... 11 more

февр. 21, 2026 12:29:37 AM org.eclipse.lsp4j.jsonrpc.RemoteEndpoint handleNotification
WARNING: Notification threw an exception: {
  "jsonrpc": "2.0",
  "method": "textDocument/didSave",
  "params": {
    "textDocument": {
      "uri": "file:///c%3A/GANTone/backend/src/main/java/com/example/GANTone/GanToneApplication.java"
    }
  }
}
java.lang.IllegalStateException: An unexpected exception occurred while executing jsonrpc method public abstract java.util.concurrent.CompletableFuture scala.meta.metals.lsp.TextDocumentService.didSave(org.eclipse.lsp4j.DidSaveTextDocumentParams)
	at org.eclipse.lsp4j.jsonrpc.services.GenericEndpoint.lambda$recursiveFindRpcMethods$0(GenericEndpoint.java:73)
	at org.eclipse.lsp4j.jsonrpc.services.GenericEndpoint.notify(GenericEndpoint.java:160)
	at org.eclipse.lsp4j.jsonrpc.RemoteEndpoint.handleNotification(RemoteEndpoint.java:231)
	at org.eclipse.lsp4j.jsonrpc.RemoteEndpoint.consume(RemoteEndpoint.java:198)
	at org.eclipse.lsp4j.jsonrpc.json.StreamMessageProducer.handleMessage(StreamMessageProducer.java:185)
	at org.eclipse.lsp4j.jsonrpc.json.StreamMessageProducer.listen(StreamMessageProducer.java:97)
	at org.eclipse.lsp4j.jsonrpc.json.ConcurrentMessageProcessor.run(ConcurrentMessageProcessor.java:114)
	at java.base/java.util.concurrent.Executors$RunnableAdapter.call(Executors.java:545)
	at java.base/java.util.concurrent.FutureTask.run(FutureTask.java:328)
	at java.base/java.util.concurrent.ThreadPoolExecutor.runWorker(ThreadPoolExecutor.java:1095)
	at java.base/java.util.concurrent.ThreadPoolExecutor$Worker.run(ThreadPoolExecutor.java:619)
	at java.base/java.lang.Thread.run(Thread.java:1447)
Caused by: java.nio.file.NoSuchFileException: c:\GANTone\backend\src\main\java\com\example\GANTone\GanToneApplication.java
	at java.base/sun.nio.fs.WindowsException.translateToIOException(WindowsException.java:85)
	at java.base/sun.nio.fs.WindowsException.rethrowAsIOException(WindowsException.java:103)
	at java.base/sun.nio.fs.WindowsException.rethrowAsIOException(WindowsException.java:108)
	at java.base/sun.nio.fs.WindowsFileSystemProvider.newByteChannel(WindowsFileSystemProvider.java:231)
	at java.base/java.nio.file.Files.newByteChannel(Files.java:357)
	at java.base/java.nio.file.Files.newByteChannel(Files.java:399)
	at java.base/java.nio.file.Files.readAllBytes(Files.java:2970)
	at scala.meta.internal.io.PlatformFileIO$.slurp(PlatformFileIO.scala:38)
	at scala.meta.internal.io.FileIO$.slurp(FileIO.scala:18)
	at scala.meta.internal.metals.MetalsLspService.$anonfun$onChange$1(MetalsLspService.scala:930)
	at scala.collection.immutable.List.map(List.scala:236)
	at scala.collection.immutable.List.map(List.scala:79)
	at scala.meta.internal.metals.MetalsLspService.onChange(MetalsLspService.scala:929)
	at scala.meta.internal.metals.ProjectMetalsLspService.onChange(ProjectMetalsLspService.scala:331)
	at scala.meta.internal.metals.MetalsLspService.didSave(MetalsLspService.scala:882)
	at scala.meta.internal.metals.ProjectMetalsLspService.didSave(ProjectMetalsLspService.scala:320)
	at scala.meta.internal.metals.WorkspaceLspService.didSave(WorkspaceLspService.scala:506)
	at scala.meta.metals.lsp.DelegatingScalaService.didSave(DelegatingScalaService.scala:53)
	at java.base/jdk.internal.reflect.DirectMethodHandleAccessor.invoke(DirectMethodHandleAccessor.java:104)
	at java.base/java.lang.reflect.Method.invoke(Method.java:565)
	at org.eclipse.lsp4j.jsonrpc.services.GenericEndpoint.lambda$recursiveFindRpcMethods$0(GenericEndpoint.java:65)
	... 11 more

2026.02.21 00:29:37 INFO  no build target found for c:\GANTone\backend\src\main\java\com\example\GANTone\GanToneApplication.java. Using fallback presentation compiler.
2026.02.21 00:29:37 INFO  no build target found for c:\GANTone\backend\src\main\java\com\example\GANTone\GanToneApplication.java. Using fallback presentation compiler.
февр. 21, 2026 12:29:37 AM org.eclipse.lsp4j.jsonrpc.RemoteEndpoint handleCancellation
WARNING: Unmatched cancel notification for request id 46
2026.02.21 00:29:37 INFO  no build target found for C:\GANTone\backend\src\main\java\com\example\GANTone\AiBackendApplication.java. Using fallback presentation compiler.
февр. 21, 2026 12:29:38 AM org.eclipse.lsp4j.jsonrpc.RemoteEndpoint handleCancellation
WARNING: Unmatched cancel notification for request id 49
2026.02.21 00:29:38 INFO  no build target found for C:\GANTone\backend\src\main\java\com\example\GANTone\AiBackendApplication.java. Using fallback presentation compiler.
2026.02.21 00:29:37 INFO  no build target found for C:\GANTone\backend\src\main\java\com\example\GANTone\AiBackendApplication.java. Using fallback presentation compiler.
2026.02.21 00:29:37 INFO  no build target found for C:\GANTone\backend\src\main\java\com\example\GANTone\AiBackendApplication.java. Using fallback presentation compiler.
февр. 21, 2026 12:29:38 AM org.eclipse.lsp4j.jsonrpc.RemoteEndpoint handleCancellation
WARNING: Unmatched cancel notification for request id 56
2026.02.21 00:29:47 INFO  no build target found for C:\GANTone\backend\src\main\java\com\example\GANTone\AiBackendApplication.java. Using fallback presentation compiler.
2026.02.21 00:29:53 INFO  no build target found for C:\GANTone\backend\src\main\java\com\example\GANTone\AiBackendApplication.java. Using fallback presentation compiler.
2026.02.21 00:29:54 INFO  no build target found for C:\GANTone\backend\src\main\java\com\example\GANTone\AiBackendApplication.java. Using fallback presentation compiler.
2026.02.21 00:29:54 INFO  no build target found for C:\GANTone\backend\src\main\java\com\example\GANTone\AiBackendApplication.java. Using fallback presentation compiler.
2026.02.21 00:29:57 INFO  no build target found for C:\GANTone\backend\src\main\java\com\example\GANTone\AiBackendApplication.java. Using fallback presentation compiler.
2026.02.21 00:29:57 INFO  no build target found for C:\GANTone\backend\src\main\java\com\example\GANTone\AiBackendApplication.java. Using fallback presentation compiler.
2026.02.21 00:29:58 INFO  no build target found for C:\GANTone\backend\src\main\java\com\example\GANTone\AiBackendApplication.java. Using fallback presentation compiler.
2026.02.21 00:29:58 INFO  no build target found for C:\GANTone\backend\src\main\java\com\example\GANTone\AiBackendApplication.java. Using fallback presentation compiler.
2026.02.21 00:29:59 INFO  no build target found for C:\GANTone\backend\src\main\java\com\example\GANTone\AiBackendApplication.java. Using fallback presentation compiler.
2026.02.21 00:29:59 INFO  no build target found for C:\GANTone\backend\src\main\java\com\example\GANTone\AiBackendApplication.java. Using fallback presentation compiler.
2026.02.21 00:29:59 INFO  no build target found for C:\GANTone\backend\src\main\java\com\example\GANTone\AiBackendApplication.java. Using fallback presentation compiler.
2026.02.21 00:29:59 INFO  no build target found for C:\GANTone\backend\src\main\java\com\example\GANTone\AiBackendApplication.java. Using fallback presentation compiler.
2026.02.21 00:30:00 INFO  no build target found for C:\GANTone\backend\src\main\java\com\example\GANTone\AiBackendApplication.java. Using fallback presentation compiler.
2026.02.21 00:29:59 INFO  no build target found for C:\GANTone\backend\src\main\java\com\example\GANTone\AiBackendApplication.java. Using fallback presentation compiler.
2026.02.21 00:30:00 INFO  no build target found for C:\GANTone\backend\src\main\java\com\example\GANTone\AiBackendApplication.java. Using fallback presentation compiler.
2026.02.21 00:30:00 INFO  no build target found for C:\GANTone\backend\src\main\java\com\example\GANTone\AiBackendApplication.java. Using fallback presentation compiler.
2026.02.21 00:30:00 INFO  no build target found for C:\GANTone\backend\src\main\java\com\example\GANTone\AiBackendApplication.java. Using fallback presentation compiler.
2026.02.21 00:30:00 INFO  no build target found for C:\GANTone\backend\src\main\java\com\example\GANTone\AiBackendApplication.java. Using fallback presentation compiler.
2026.02.21 00:30:00 INFO  no build target found for C:\GANTone\backend\src\main\java\com\example\GANTone\AiBackendApplication.java. Using fallback presentation compiler.
2026.02.21 00:30:00 INFO  no build target found for C:\GANTone\backend\src\main\java\com\example\GANTone\AiBackendApplication.java. Using fallback presentation compiler.
2026.02.21 00:30:00 INFO  no build target found for C:\GANTone\backend\src\main\java\com\example\GANTone\AiBackendApplication.java. Using fallback presentation compiler.
2026.02.21 00:30:00 INFO  no build target found for C:\GANTone\backend\src\main\java\com\example\GANTone\AiBackendApplication.java. Using fallback presentation compiler.
2026.02.21 00:30:01 INFO  no build target found for C:\GANTone\backend\src\main\java\com\example\GANTone\AiBackendApplication.java. Using fallback presentation compiler.
2026.02.21 00:30:02 INFO  no build target found for C:\GANTone\backend\src\main\java\com\example\GANTone\AiBackendApplication.java. Using fallback presentation compiler.
2026.02.21 00:30:02 INFO  no build target found for C:\GANTone\backend\src\main\java\com\example\GANTone\AiBackendApplication.java. Using fallback presentation compiler.
2026.02.21 00:30:02 INFO  no build target found for C:\GANTone\backend\src\main\java\com\example\GANTone\AiBackendApplication.java. Using fallback presentation compiler.
2026.02.21 00:30:03 INFO  no build target found for C:\GANTone\backend\src\main\java\com\example\GANTone\AiBackendApplication.java. Using fallback presentation compiler.
февр. 21, 2026 12:30:04 AM org.eclipse.lsp4j.jsonrpc.RemoteEndpoint handleCancellation
WARNING: Unmatched cancel notification for request id 92
2026.02.21 00:30:04 INFO  no build target found for C:\GANTone\backend\src\main\java\com\example\GANTone\AiBackendApplication.java. Using fallback presentation compiler.
2026.02.21 00:30:04 INFO  no build target found for C:\GANTone\backend\src\main\java\com\example\GANTone\AiBackendApplication.java. Using fallback presentation compiler.
2026.02.21 00:30:04 INFO  no build target found for C:\GANTone\backend\src\main\java\com\example\GANTone\AiBackendApplication.java. Using fallback presentation compiler.
2026.02.21 00:30:04 INFO  Created report: Optional[file:///C:/GANTone/backend/src/main/java/com/example/GANTone/AiBackendApplication.java]
2026.02.21 00:30:04 INFO  empty definition using pc, found symbol in pc:  (full report at: "C:\GANTone\backend\.metals\.reports\metals-full\2026-02-21\r_empty-definition_00-30-04-084.md")
2026.02.21 00:30:08 INFO  no build target found for c:\GANTone\backend\src\main\java\com\example\GANTone\AiBackendApplication.java. Using fallback presentation compiler.
2026.02.21 00:30:08 INFO  no build target found for C:\GANTone\backend\src\main\java\com\example\GANTone\GANToneApplication.java. Using fallback presentation compiler.
2026.02.21 00:30:08 INFO  no build target found for C:\GANTone\backend\src\main\java\com\example\GANTone\GANToneApplication.java. Using fallback presentation compiler.
2026.02.21 00:30:08 INFO  no build target found for C:\GANTone\backend\src\main\java\com\example\GANTone\GANToneApplication.java. Using fallback presentation compiler.
2026.02.21 00:30:10 INFO  no build target found for C:\GANTone\backend\src\main\java\com\example\GANTone\GANToneApplication.java. Using fallback presentation compiler.
2026.02.21 00:30:10 INFO  no build target found for C:\GANTone\backend\src\main\java\com\example\GANTone\GANToneApplication.java. Using fallback presentation compiler.
2026.02.21 00:30:10 INFO  no build target found for C:\GANTone\backend\src\main\java\com\example\GANTone\GANToneApplication.java. Using fallback presentation compiler.
2026.02.21 00:30:10 INFO  no build target found for C:\GANTone\backend\src\main\java\com\example\GANTone\GANToneApplication.java. Using fallback presentation compiler.
2026.02.21 00:30:11 INFO  no build target found for C:\GANTone\backend\src\main\java\com\example\GANTone\GANToneApplication.java. Using fallback presentation compiler.
2026.02.21 00:30:11 INFO  no build target found for C:\GANTone\backend\src\main\java\com\example\GANTone\GANToneApplication.java. Using fallback presentation compiler.
2026.02.21 00:30:11 INFO  no build target found for C:\GANTone\backend\src\main\java\com\example\GANTone\GANToneApplication.java. Using fallback presentation compiler.
2026.02.21 00:30:12 INFO  no build target found for C:\GANTone\backend\src\main\java\com\example\GANTone\GANToneApplication.java. Using fallback presentation compiler.
2026.02.21 00:30:12 INFO  Created report: Optional[file:///C:/GANTone/backend/src/main/java/com/example/GANTone/GANToneApplication.java]
2026.02.21 00:30:12 INFO  empty definition using pc, found symbol in pc: _empty_/AiBackendApplication# (full report at: "C:\GANTone\backend\.metals\.reports\metals-full\2026-02-21\r_empty-definition_00-30-12-420.md")
2026.02.21 00:30:11 INFO  no build target found for C:\GANTone\backend\src\main\java\com\example\GANTone\GANToneApplication.java. Using fallback presentation compiler.
2026.02.21 00:30:11 INFO  no build target found for C:\GANTone\backend\src\main\java\com\example\GANTone\GANToneApplication.java. Using fallback presentation compiler.
2026.02.21 00:30:12 INFO  no build target found for C:\GANTone\backend\src\main\java\com\example\GANTone\GANToneApplication.java. Using fallback presentation compiler.
2026.02.21 00:30:13 INFO  no build target found for C:\GANTone\backend\src\main\java\com\example\GANTone\GANToneApplication.java. Using fallback presentation compiler.
2026.02.21 00:30:13 WARN  no build target for: C:\GANTone\backend\src\main\java\com\example\GANTone\GANToneApplication.java
2026.02.21 00:30:13 INFO  no build target found for C:\GANTone\backend\src\main\java\com\example\GANTone\GANToneApplication.java. Using fallback presentation compiler.
2026.02.21 00:30:13 INFO  no build target found for C:\GANTone\backend\src\main\java\com\example\GANTone\GANToneApplication.java. Using fallback presentation compiler.
2026.02.21 00:30:13 INFO  no build target found for C:\GANTone\backend\src\main\java\com\example\GANTone\GANToneApplication.java. Using fallback presentation compiler.
2026.02.21 00:30:13 INFO  Created report: Optional[file:///C:/GANTone/backend/src/main/java/com/example/GANTone/GANToneApplication.java]
2026.02.21 00:30:13 INFO  empty definition using pc, found symbol in pc: _empty_/GenerationType#IDENTITY# (full report at: "C:\GANTone\backend\.metals\.reports\metals-full\2026-02-21\r_empty-definition_00-30-14-333.md")
2026.02.21 02:14:04 INFO  Shutting down server
2026.02.21 02:14:04 INFO  Memory monitor stopped
2026.02.21 02:14:04 INFO  shutting down Metals
2026.02.21 02:14:04 INFO  Exiting server
2026.02.21 02:14:04 ERROR Unexpected error initializing server: 
org.eclipse.lsp4j.jsonrpc.ResponseErrorException: Request window/showMessageRequest failed with message: Canceled
	at org.eclipse.lsp4j.jsonrpc.RemoteEndpoint.handleResponse(RemoteEndpoint.java:220)
	at org.eclipse.lsp4j.jsonrpc.RemoteEndpoint.consume(RemoteEndpoint.java:204)
	at org.eclipse.lsp4j.jsonrpc.json.StreamMessageProducer.handleMessage(StreamMessageProducer.java:185)
	at org.eclipse.lsp4j.jsonrpc.json.StreamMessageProducer.listen(StreamMessageProducer.java:97)
	at org.eclipse.lsp4j.jsonrpc.json.ConcurrentMessageProcessor.run(ConcurrentMessageProcessor.java:114)
	at java.util.concurrent.Executors$RunnableAdapter.call(Executors.java:545)
	at java.util.concurrent.FutureTask.run(FutureTask.java:328)
	at java.util.concurrent.ThreadPoolExecutor.runWorker(ThreadPoolExecutor.java:1095)
	at java.util.concurrent.ThreadPoolExecutor$Worker.run(ThreadPoolExecutor.java:619)
	at java.lang.Thread.run(Thread.java:1447)

2026.02.21 21:45:11 INFO  Started: Metals version 1.6.5 in folders 'C:\GANTone\backend' for client Visual Studio Code 1.109.5.
2026.02.21 21:45:11 INFO  Memory monitor started
2026.02.21 21:45:12 WARN  Using H2 2.4.240 which is newer than the version Flyway has been verified with. The latest verified version of H2 is 2.3.232.
2026.02.21 21:45:12 INFO  no build target found for C:\GANTone\backend\src\test\java\com\example\GANTone\GanToneApplicationTests.java. Using fallback presentation compiler.
2026.02.21 21:45:20 INFO  no build target found for C:\GANTone\backend\src\test\java\com\example\GANTone\GanToneApplicationTests.java. Using fallback presentation compiler.
2026.02.21 21:45:47 INFO  no build target found for C:\GANTone\backend\src\main\java\com\example\GANTone\GANToneApplication.java. Using fallback presentation compiler.
2026.02.21 21:45:47 INFO  no build target found for C:\GANTone\backend\src\main\java\com\example\GANTone\GANToneApplication.java. Using fallback presentation compiler.
февр. 21, 2026 9:45:47 PM org.eclipse.lsp4j.jsonrpc.RemoteEndpoint handleCancellation
WARNING: Unmatched cancel notification for request id 7
2026.02.21 21:45:47 INFO  no build target found for C:\GANTone\backend\src\main\java\com\example\GANTone\GANToneApplication.java. Using fallback presentation compiler.
2026.02.21 21:45:51 INFO  no build target found for C:\GANTone\backend\src\main\java\com\example\GANTone\GANToneApplication.java. Using fallback presentation compiler.
2026.02.21 21:45:51 INFO  no build target found for C:\GANTone\backend\src\main\java\com\example\GANTone\GANToneApplication.java. Using fallback presentation compiler.
2026.02.21 21:45:52 INFO  no build target found for C:\GANTone\backend\src\main\java\com\example\GANTone\GANToneApplication.java. Using fallback presentation compiler.
2026.02.21 21:46:03 INFO  no build target found for C:\GANTone\backend\src\main\java\com\example\GANTone\GANToneApplication.java. Using fallback presentation compiler.
2026.02.21 21:46:03 INFO  no build target found for C:\GANTone\backend\src\main\java\com\example\GANTone\GANToneApplication.java. Using fallback presentation compiler.
2026.02.21 21:46:04 INFO  no build target found for C:\GANTone\backend\src\main\java\com\example\GANTone\GANToneApplication.java. Using fallback presentation compiler.
2026.02.21 21:46:06 INFO  no build target found for C:\GANTone\backend\src\main\java\com\example\GANTone\GANToneApplication.java. Using fallback presentation compiler.
2026.02.21 21:46:06 INFO  no build target found for C:\GANTone\backend\src\main\java\com\example\GANTone\GANToneApplication.java. Using fallback presentation compiler.
2026.02.21 21:46:06 INFO  no build target found for C:\GANTone\backend\src\main\java\com\example\GANTone\GANToneApplication.java. Using fallback presentation compiler.
2026.02.21 21:46:06 INFO  no build target found for C:\GANTone\backend\src\main\java\com\example\GANTone\GANToneApplication.java. Using fallback presentation compiler.
2026.02.21 21:46:06 INFO  no build target found for C:\GANTone\backend\src\main\java\com\example\GANTone\GANToneApplication.java. Using fallback presentation compiler.
2026.02.21 21:46:07 INFO  no build target found for C:\GANTone\backend\src\main\java\com\example\GANTone\GANToneApplication.java. Using fallback presentation compiler.
2026.02.21 21:46:07 INFO  no build target found for C:\GANTone\backend\src\main\java\com\example\GANTone\GANToneApplication.java. Using fallback presentation compiler.
2026.02.21 21:46:08 INFO  no build target found for C:\GANTone\backend\src\main\java\com\example\GANTone\GANToneApplication.java. Using fallback presentation compiler.
2026.02.21 21:46:08 INFO  no build target found for C:\GANTone\backend\src\main\java\com\example\GANTone\GANToneApplication.java. Using fallback presentation compiler.
2026.02.21 21:46:09 INFO  no build target found for C:\GANTone\backend\src\main\java\com\example\GANTone\GANToneApplication.java. Using fallback presentation compiler.
2026.02.21 21:46:08 INFO  no build target found for C:\GANTone\backend\src\main\java\com\example\GANTone\GANToneApplication.java. Using fallback presentation compiler.
2026.02.21 21:46:10 INFO  no build target found for C:\GANTone\backend\src\main\java\com\example\GANTone\GANToneApplication.java. Using fallback presentation compiler.
2026.02.21 21:46:10 INFO  no build target found for C:\GANTone\backend\src\main\java\com\example\GANTone\GANToneApplication.java. Using fallback presentation compiler.
2026.02.21 21:46:10 INFO  no build target found for C:\GANTone\backend\src\main\java\com\example\GANTone\GANToneApplication.java. Using fallback presentation compiler.
февр. 21, 2026 9:46:11 PM org.eclipse.lsp4j.jsonrpc.RemoteEndpoint handleCancellation
WARNING: Unmatched cancel notification for request id 42
2026.02.21 21:46:10 INFO  no build target found for C:\GANTone\backend\src\main\java\com\example\GANTone\GANToneApplication.java. Using fallback presentation compiler.
2026.02.21 21:46:11 INFO  no build target found for C:\GANTone\backend\src\main\java\com\example\GANTone\GANToneApplication.java. Using fallback presentation compiler.
2026.02.21 21:46:11 INFO  no build target found for C:\GANTone\backend\src\main\java\com\example\GANTone\GANToneApplication.java. Using fallback presentation compiler.
2026.02.21 21:46:11 INFO  no build target found for C:\GANTone\backend\src\main\java\com\example\GANTone\GANToneApplication.java. Using fallback presentation compiler.
2026.02.21 21:46:11 INFO  no build target found for C:\GANTone\backend\src\main\java\com\example\GANTone\GANToneApplication.java. Using fallback presentation compiler.
2026.02.21 21:46:12 INFO  no build target found for C:\GANTone\backend\src\main\java\com\example\GANTone\GANToneApplication.java. Using fallback presentation compiler.
2026.02.21 21:46:12 INFO  no build target found for C:\GANTone\backend\src\main\java\com\example\GANTone\GANToneApplication.java. Using fallback presentation compiler.
2026.02.21 21:46:12 INFO  no build target found for C:\GANTone\backend\src\main\java\com\example\GANTone\GANToneApplication.java. Using fallback presentation compiler.
2026.02.21 21:46:14 INFO  no build target found for C:\GANTone\backend\src\main\java\com\example\GANTone\GANToneApplication.java. Using fallback presentation compiler.
2026.02.21 21:46:14 INFO  no build target found for C:\GANTone\backend\src\main\java\com\example\GANTone\GANToneApplication.java. Using fallback presentation compiler.
2026.02.21 21:46:14 INFO  no build target found for C:\GANTone\backend\src\main\java\com\example\GANTone\GANToneApplication.java. Using fallback presentation compiler.
2026.02.21 21:46:15 INFO  no build target found for C:\GANTone\backend\src\main\java\com\example\GANTone\GANToneApplication.java. Using fallback presentation compiler.
2026.02.21 21:46:15 INFO  no build target found for C:\GANTone\backend\src\main\java\com\example\GANTone\GANToneApplication.java. Using fallback presentation compiler.
2026.02.21 21:46:15 INFO  no build target found for C:\GANTone\backend\src\main\java\com\example\GANTone\GANToneApplication.java. Using fallback presentation compiler.
2026.02.21 21:46:16 INFO  no build target found for C:\GANTone\backend\src\main\java\com\example\GANTone\GANToneApplication.java. Using fallback presentation compiler.
2026.02.21 21:46:16 INFO  no build target found for C:\GANTone\backend\src\main\java\com\example\GANTone\GANToneApplication.java. Using fallback presentation compiler.
2026.02.21 21:46:16 INFO  no build target found for C:\GANTone\backend\src\main\java\com\example\GANTone\GANToneApplication.java. Using fallback presentation compiler.
2026.02.21 21:46:16 INFO  no build target found for C:\GANTone\backend\src\main\java\com\example\GANTone\GANToneApplication.java. Using fallback presentation compiler.
2026.02.21 21:46:16 INFO  no build target found for C:\GANTone\backend\src\main\java\com\example\GANTone\GANToneApplication.java. Using fallback presentation compiler.
2026.02.21 21:46:16 INFO  no build target found for C:\GANTone\backend\src\main\java\com\example\GANTone\GANToneApplication.java. Using fallback presentation compiler.
2026.02.21 21:46:17 INFO  no build target found for C:\GANTone\backend\src\main\java\com\example\GANTone\GANToneApplication.java. Using fallback presentation compiler.
2026.02.21 21:46:17 INFO  no build target found for C:\GANTone\backend\src\main\java\com\example\GANTone\GANToneApplication.java. Using fallback presentation compiler.
2026.02.21 21:46:17 INFO  no build target found for C:\GANTone\backend\src\main\java\com\example\GANTone\GANToneApplication.java. Using fallback presentation compiler.
2026.02.21 21:46:18 INFO  no build target found for C:\GANTone\backend\src\main\java\com\example\GANTone\GANToneApplication.java. Using fallback presentation compiler.
2026.02.21 21:46:17 INFO  no build target found for C:\GANTone\backend\src\main\java\com\example\GANTone\GANToneApplication.java. Using fallback presentation compiler.
2026.02.21 21:46:17 INFO  no build target found for C:\GANTone\backend\src\main\java\com\example\GANTone\GANToneApplication.java. Using fallback presentation compiler.
2026.02.21 21:46:18 INFO  no build target found for C:\GANTone\backend\src\main\java\com\example\GANTone\GANToneApplication.java. Using fallback presentation compiler.
2026.02.21 21:46:19 INFO  no build target found for C:\GANTone\backend\src\main\java\com\example\GANTone\GANToneApplication.java. Using fallback presentation compiler.
2026.02.21 21:46:20 WARN  no build target for: C:\GANTone\backend\src\main\java\com\example\GANTone\GANToneApplication.java
2026.02.21 21:46:20 INFO  no build target found for C:\GANTone\backend\src\main\java\com\example\GANTone\GANToneApplication.java. Using fallback presentation compiler.
2026.02.21 21:57:20 WARN  no build target for: C:\GANTone\backend\src\main\java\com\example\GANTone\GANToneApplication.java
2026.02.21 21:57:20 INFO  no build target found for C:\GANTone\backend\src\main\java\com\example\GANTone\GANToneApplication.java. Using fallback presentation compiler.
2026.02.21 21:57:20 INFO  no build target found for C:\GANTone\backend\src\main\java\com\example\GANTone\GANToneApplication.java. Using fallback presentation compiler.
2026.02.21 21:57:20 INFO  no build target found for C:\GANTone\backend\src\main\java\com\example\GANTone\GANToneApplication.java. Using fallback presentation compiler.
2026.02.21 21:57:30 INFO  no build target found for C:\GANTone\backend\src\main\java\com\example\GANTone\GANToneApplication.java. Using fallback presentation compiler.
2026.02.21 21:57:32 INFO  no build target found for C:\GANTone\backend\src\main\java\com\example\GANTone\GANToneApplication.java. Using fallback presentation compiler.
2026.02.21 21:59:56 INFO  no build target found for C:\GANTone\backend\src\main\java\com\example\GANTone\GANToneApplication.java. Using fallback presentation compiler.
февр. 21, 2026 10:00:07 PM org.eclipse.lsp4j.jsonrpc.services.GenericEndpoint notify
INFO: Unsupported notification method: $/setTrace
февр. 21, 2026 10:07:49 PM org.eclipse.lsp4j.jsonrpc.services.GenericEndpoint notify
INFO: Unsupported notification method: $/setTrace
2026.02.21 22:59:05 INFO  no build target found for C:\GANTone\backend\src\main\java\com\example\GANTone\GANToneApplication.java. Using fallback presentation compiler.
2026.02.21 22:59:05 WARN  no build target for: C:\GANTone\backend\src\main\java\com\example\GANTone\GANToneApplication.java
2026.02.21 22:59:05 INFO  no build target found for C:\GANTone\backend\src\main\java\com\example\GANTone\GANToneApplication.java. Using fallback presentation compiler.
2026.02.21 22:59:05 INFO  no build target found for C:\GANTone\backend\src\main\java\com\example\GANTone\GANToneApplication.java. Using fallback presentation compiler.
февр. 21, 2026 11:04:24 PM org.eclipse.lsp4j.jsonrpc.services.GenericEndpoint notify
INFO: Unsupported notification method: $/setTrace
февр. 21, 2026 11:04:28 PM org.eclipse.lsp4j.jsonrpc.services.GenericEndpoint notify
INFO: Unsupported notification method: $/setTrace
2026.02.21 23:11:11 INFO  no build target found for C:\GANTone\backend\src\main\java\com\example\GANTone\GANToneApplication.java. Using fallback presentation compiler.
2026.02.21 23:11:11 WARN  no build target for: C:\GANTone\backend\src\main\java\com\example\GANTone\GANToneApplication.java
2026.02.21 23:11:11 INFO  no build target found for C:\GANTone\backend\src\main\java\com\example\GANTone\GANToneApplication.java. Using fallback presentation compiler.
2026.02.21 23:11:11 INFO  no build target found for C:\GANTone\backend\src\main\java\com\example\GANTone\GANToneApplication.java. Using fallback presentation compiler.
2026.02.22 02:38:51 INFO  no build target found for C:\GANTone\backend\src\main\java\com\example\GANTone\KafkaConfig.java. Using fallback presentation compiler.
2026.02.22 02:38:52 INFO  no build target found for C:\GANTone\backend\src\main\java\com\example\GANTone\KafkaConfig.java. Using fallback presentation compiler.
2026.02.22 02:38:52 INFO  no build target found for C:\GANTone\backend\src\main\java\com\example\GANTone\KafkaConfig.java. Using fallback presentation compiler.
2026.02.22 02:38:53 INFO  no build target found for C:\GANTone\backend\src\main\java\com\example\GANTone\KafkaConfig.java. Using fallback presentation compiler.
2026.02.22 02:38:58 INFO  no build target found for C:\GANTone\backend\src\main\java\com\example\GANTone\KafkaConfig.java. Using fallback presentation compiler.
2026.02.22 02:38:59 INFO  no build target found for C:\GANTone\backend\src\main\java\com\example\GANTone\KafkaConfig.java. Using fallback presentation compiler.
2026.02.22 02:38:59 INFO  no build target found for C:\GANTone\backend\src\main\java\com\example\GANTone\KafkaConfig.java. Using fallback presentation compiler.
2026.02.22 02:38:59 INFO  no build target found for C:\GANTone\backend\src\main\java\com\example\GANTone\KafkaConfig.java. Using fallback presentation compiler.
2026.02.22 02:39:01 INFO  no build target found for C:\GANTone\backend\src\main\java\com\example\GANTone\KafkaConfig.java. Using fallback presentation compiler.
2026.02.22 02:39:01 INFO  no build target found for C:\GANTone\backend\src\main\java\com\example\GANTone\KafkaConfig.java. Using fallback presentation compiler.
2026.02.22 02:39:01 INFO  no build target found for C:\GANTone\backend\src\main\java\com\example\GANTone\KafkaConfig.java. Using fallback presentation compiler.
2026.02.22 02:39:01 WARN  Running javac-semanticdb failed for file:///C:/GANTone/backend/src/main/java/com/example/GANTone/KafkaConfig.java. Output:

2026.02.22 02:39:01 INFO  Created report: Optional[file:///C:/GANTone/backend/src/main/java/com/example/GANTone/KafkaConfig.java]
2026.02.22 02:39:01 INFO  QDox parse error in file:///C:/GANTone/backend/src/main/java/com/example/GANTone/KafkaConfig.java (full report at: "C:\GANTone\backend\.metals\.reports\metals-full\2026-02-22\r_qdox-error_02-39-02-664.md")
2026.02.22 02:39:02 INFO  no build target found for C:\GANTone\backend\src\main\java\com\example\GANTone\KafkaConfig.java. Using fallback presentation compiler.
2026.02.22 02:39:02 WARN  no build target for: C:\GANTone\backend\src\main\java\com\example\GANTone\KafkaConfig.java
2026.02.22 02:39:02 INFO  no build target found for C:\GANTone\backend\src\main\java\com\example\GANTone\KafkaConfig.java. Using fallback presentation compiler.
2026.02.22 02:39:02 INFO  no build target found for C:\GANTone\backend\src\main\java\com\example\GANTone\KafkaConfig.java. Using fallback presentation compiler.
2026.02.22 02:39:04 INFO  no build target found for C:\GANTone\backend\src\main\java\com\example\GANTone\KafkaConfig.java. Using fallback presentation compiler.
2026.02.22 02:39:04 INFO  no build target found for C:\GANTone\backend\src\main\java\com\example\GANTone\KafkaConfig.java. Using fallback presentation compiler.
2026.02.22 02:39:04 INFO  no build target found for C:\GANTone\backend\src\main\java\com\example\GANTone\KafkaConfig.java. Using fallback presentation compiler.
2026.02.22 02:39:06 INFO  no build target found for C:\GANTone\backend\src\main\java\com\example\GANTone\KafkaConfig.java. Using fallback presentation compiler.
2026.02.22 02:39:06 INFO  no build target found for C:\GANTone\backend\src\main\java\com\example\GANTone\KafkaConfig.java. Using fallback presentation compiler.
2026.02.22 02:39:06 INFO  no build target found for C:\GANTone\backend\src\main\java\com\example\GANTone\KafkaConfig.java. Using fallback presentation compiler.
2026.02.22 02:39:19 INFO  no build target found for C:\GANTone\backend\src\main\java\com\example\GANTone\KafkaConfig.java. Using fallback presentation compiler.
2026.02.22 02:39:19 WARN  no build target for: C:\GANTone\backend\src\main\java\com\example\GANTone\KafkaConfig.java
2026.02.22 02:39:19 INFO  no build target found for C:\GANTone\backend\src\main\java\com\example\GANTone\KafkaConfig.java. Using fallback presentation compiler.
2026.02.22 02:48:50 INFO  no build target found for C:\GANTone\backend\src\main\java\com\example\GANTone\KafkaConfig.java. Using fallback presentation compiler.
2026.02.22 02:48:50 INFO  no build target found for C:\GANTone\backend\src\main\java\com\example\GANTone\KafkaConfig.java. Using fallback presentation compiler.
2026.02.22 02:48:50 INFO  no build target found for C:\GANTone\backend\src\main\java\com\example\GANTone\KafkaConfig.java. Using fallback presentation compiler.
февр. 22, 2026 2:48:51 AM org.eclipse.lsp4j.jsonrpc.RemoteEndpoint handleCancellation
WARNING: Unmatched cancel notification for request id 232
2026.02.22 02:48:51 INFO  no build target found for C:\GANTone\backend\src\main\java\com\example\GANTone\KafkaConfig.java. Using fallback presentation compiler.
февр. 22, 2026 2:48:51 AM org.eclipse.lsp4j.jsonrpc.RemoteEndpoint handleCancellation
WARNING: Unmatched cancel notification for request id 233
2026.02.22 02:48:51 INFO  no build target found for C:\GANTone\backend\src\main\java\com\example\GANTone\KafkaConfig.java. Using fallback presentation compiler.
2026.02.22 02:48:51 INFO  no build target found for C:\GANTone\backend\src\main\java\com\example\GANTone\KafkaConfig.java. Using fallback presentation compiler.
2026.02.22 02:48:51 INFO  no build target found for C:\GANTone\backend\src\main\java\com\example\GANTone\KafkaConfig.java. Using fallback presentation compiler.
2026.02.22 02:48:51 INFO  no build target found for C:\GANTone\backend\src\main\java\com\example\GANTone\KafkaConfig.java. Using fallback presentation compiler.
2026.02.22 02:48:52 INFO  no build target found for C:\GANTone\backend\src\main\java\com\example\GANTone\KafkaConfig.java. Using fallback presentation compiler.
2026.02.22 02:48:53 INFO  no build target found for C:\GANTone\backend\src\main\java\com\example\GANTone\KafkaConfig.java. Using fallback presentation compiler.
2026.02.22 02:48:53 INFO  no build target found for C:\GANTone\backend\src\main\java\com\example\GANTone\KafkaConfig.java. Using fallback presentation compiler.
2026.02.22 02:48:52 INFO  Created report: Optional[file:///C:/GANTone/backend/src/main/java/com/example/GANTone/KafkaConfig.java]
2026.02.22 02:48:52 INFO  empty definition using pc, found symbol in pc: java/lang/String# (full report at: "C:\GANTone\backend\.metals\.reports\metals-full\2026-02-22\r_empty-definition_02-48-53-304.md")
2026.02.22 02:48:53 INFO  Created report: Optional[file:///C:/GANTone/backend/src/main/java/com/example/GANTone/KafkaConfig.java]
2026.02.22 02:48:53 INFO  empty definition using pc, found symbol in pc: _empty_/KafkaTemplate# (full report at: "C:\GANTone\backend\.metals\.reports\metals-full\2026-02-22\r_empty-definition_02-48-53-446.md")
2026.02.22 02:48:53 INFO  no build target found for C:\GANTone\backend\src\main\java\com\example\GANTone\KafkaConfig.java. Using fallback presentation compiler.
2026.02.22 02:48:53 INFO  no build target found for C:\GANTone\backend\src\main\java\com\example\GANTone\KafkaConfig.java. Using fallback presentation compiler.
2026.02.22 02:48:53 INFO  no build target found for C:\GANTone\backend\src\main\java\com\example\GANTone\KafkaConfig.java. Using fallback presentation compiler.
2026.02.22 02:48:53 INFO  no build target found for C:\GANTone\backend\src\main\java\com\example\GANTone\KafkaConfig.java. Using fallback presentation compiler.
февр. 22, 2026 2:48:55 AM org.eclipse.lsp4j.jsonrpc.RemoteEndpoint handleCancellation
WARNING: Unmatched cancel notification for request id 244
2026.02.22 02:48:55 INFO  no build target found for C:\GANTone\backend\src\main\java\com\example\GANTone\KafkaConfig.java. Using fallback presentation compiler.
2026.02.22 02:48:55 INFO  no build target found for C:\GANTone\backend\src\main\java\com\example\GANTone\KafkaConfig.java. Using fallback presentation compiler.
2026.02.22 02:48:55 INFO  no build target found for C:\GANTone\backend\src\main\java\com\example\GANTone\KafkaConfig.java. Using fallback presentation compiler.
2026.02.22 02:48:55 INFO  no build target found for C:\GANTone\backend\src\main\java\com\example\GANTone\KafkaConfig.java. Using fallback presentation compiler.
2026.02.22 02:48:55 INFO  no build target found for C:\GANTone\backend\src\main\java\com\example\GANTone\KafkaConfig.java. Using fallback presentation compiler.
2026.02.22 02:48:55 INFO  no build target found for C:\GANTone\backend\src\main\java\com\example\GANTone\KafkaConfig.java. Using fallback presentation compiler.
2026.02.22 02:48:55 INFO  empty definition using pc, found symbol in pc: java/lang/Object# (full report at: "C:\GANTone\backend\.metals\.reports\metals-full\2026-02-22\r_empty-definition_02-48-55-852.md")
2026.02.22 02:48:55 INFO  Created report: Optional[file:///C:/GANTone/backend/src/main/java/com/example/GANTone/KafkaConfig.java]
2026.02.22 02:48:55 INFO  empty definition using pc, found symbol in pc: java/lang/Object# (full report at: "C:\GANTone\backend\.metals\.reports\metals-full\2026-02-22\r_empty-definition_02-48-55-852.md")
2026.02.22 02:48:59 INFO  no build target found for C:\GANTone\backend\src\main\java\com\example\GANTone\KafkaConfig.java. Using fallback presentation compiler.
2026.02.22 02:49:22 INFO  no build target found for C:\GANTone\backend\src\main\java\com\example\GANTone\KafkaConfig.java. Using fallback presentation compiler.
2026.02.22 02:49:22 INFO  no build target found for C:\GANTone\backend\src\main\java\com\example\GANTone\KafkaConfig.java. Using fallback presentation compiler.
2026.02.22 02:49:22 INFO  no build target found for C:\GANTone\backend\src\main\java\com\example\GANTone\KafkaConfig.java. Using fallback presentation compiler.
февр. 22, 2026 2:49:22 AM org.eclipse.lsp4j.jsonrpc.RemoteEndpoint handleCancellation
WARNING: Unmatched cancel notification for request id 260
2026.02.22 02:49:22 INFO  no build target found for C:\GANTone\backend\src\main\java\com\example\GANTone\KafkaConfig.java. Using fallback presentation compiler.
2026.02.22 02:49:22 INFO  no build target found for C:\GANTone\backend\src\main\java\com\example\GANTone\KafkaConfig.java. Using fallback presentation compiler.
2026.02.22 02:49:22 INFO  no build target found for C:\GANTone\backend\src\main\java\com\example\GANTone\KafkaConfig.java. Using fallback presentation compiler.
2026.02.22 02:49:22 INFO  no build target found for C:\GANTone\backend\src\main\java\com\example\GANTone\KafkaConfig.java. Using fallback presentation compiler.
2026.02.22 02:49:23 INFO  no build target found for C:\GANTone\backend\src\main\java\com\example\GANTone\KafkaConfig.java. Using fallback presentation compiler.
2026.02.22 02:49:23 INFO  empty definition using pc, found symbol in pc: java/lang/String# (full report at: "C:\GANTone\backend\.metals\.reports\metals-full\2026-02-22\r_empty-definition_02-48-53-304.md")
2026.02.22 02:49:23 INFO  no build target found for C:\GANTone\backend\src\main\java\com\example\GANTone\KafkaConfig.java. Using fallback presentation compiler.
2026.02.22 02:49:23 INFO  no build target found for C:\GANTone\backend\src\main\java\com\example\GANTone\KafkaConfig.java. Using fallback presentation compiler.
2026.02.22 02:49:23 INFO  empty definition using pc, found symbol in pc: java/lang/Object# (full report at: "C:\GANTone\backend\.metals\.reports\metals-full\2026-02-22\r_empty-definition_02-48-55-852.md")
2026.02.22 02:49:23 INFO  no build target found for C:\GANTone\backend\src\main\java\com\example\GANTone\KafkaConfig.java. Using fallback presentation compiler.
2026.02.22 02:49:23 INFO  empty definition using pc, found symbol in pc: java/lang/Object# (full report at: "C:\GANTone\backend\.metals\.reports\metals-full\2026-02-22\r_empty-definition_02-48-55-852.md")
февр. 22, 2026 2:49:23 AM org.eclipse.lsp4j.jsonrpc.RemoteEndpoint handleCancellation
WARNING: Unmatched cancel notification for request id 269
2026.02.22 02:49:23 INFO  no build target found for C:\GANTone\backend\src\main\java\com\example\GANTone\KafkaConfig.java. Using fallback presentation compiler.
февр. 22, 2026 2:49:24 AM org.eclipse.lsp4j.jsonrpc.RemoteEndpoint handleCancellation
WARNING: Unmatched cancel notification for request id 270
2026.02.22 02:49:23 INFO  no build target found for C:\GANTone\backend\src\main\java\com\example\GANTone\KafkaConfig.java. Using fallback presentation compiler.
2026.02.22 02:49:24 INFO  no build target found for C:\GANTone\backend\src\main\java\com\example\GANTone\KafkaConfig.java. Using fallback presentation compiler.
2026.02.22 02:49:24 INFO  no build target found for C:\GANTone\backend\src\main\java\com\example\GANTone\KafkaConfig.java. Using fallback presentation compiler.
2026.02.22 02:49:24 INFO  empty definition using pc, found symbol in pc: java/lang/Object# (full report at: "C:\GANTone\backend\.metals\.reports\metals-full\2026-02-22\r_empty-definition_02-48-55-852.md")
2026.02.22 02:49:24 INFO  no build target found for C:\GANTone\backend\src\main\java\com\example\GANTone\KafkaConfig.java. Using fallback presentation compiler.
2026.02.22 02:49:24 INFO  no build target found for C:\GANTone\backend\src\main\java\com\example\GANTone\KafkaConfig.java. Using fallback presentation compiler.
2026.02.22 02:49:24 INFO  no build target found for C:\GANTone\backend\src\main\java\com\example\GANTone\KafkaConfig.java. Using fallback presentation compiler.
февр. 22, 2026 2:49:25 AM org.eclipse.lsp4j.jsonrpc.RemoteEndpoint handleCancellation
WARNING: Unmatched cancel notification for request id 281
2026.02.22 02:49:26 INFO  no build target found for C:\GANTone\backend\src\main\java\com\example\GANTone\KafkaConfig.java. Using fallback presentation compiler.
2026.02.22 02:49:26 INFO  no build target found for C:\GANTone\backend\src\main\java\com\example\GANTone\KafkaConfig.java. Using fallback presentation compiler.
февр. 22, 2026 2:49:26 AM org.eclipse.lsp4j.jsonrpc.RemoteEndpoint handleCancellation
WARNING: Unmatched cancel notification for request id 287
2026.02.22 02:49:28 INFO  no build target found for C:\GANTone\backend\src\main\java\com\example\GANTone\KafkaConfig.java. Using fallback presentation compiler.
2026.02.22 02:49:28 INFO  no build target found for C:\GANTone\backend\src\main\java\com\example\GANTone\KafkaConfig.java. Using fallback presentation compiler.
2026.02.22 02:49:28 INFO  no build target found for C:\GANTone\backend\src\main\java\com\example\GANTone\KafkaConfig.java. Using fallback presentation compiler.
февр. 22, 2026 2:49:29 AM org.eclipse.lsp4j.jsonrpc.RemoteEndpoint handleCancellation
WARNING: Unmatched cancel notification for request id 296
2026.02.22 02:49:28 INFO  no build target found for C:\GANTone\backend\src\main\java\com\example\GANTone\KafkaConfig.java. Using fallback presentation compiler.
2026.02.22 02:49:29 INFO  no build target found for C:\GANTone\backend\src\main\java\com\example\GANTone\KafkaConfig.java. Using fallback presentation compiler.
2026.02.22 02:49:30 INFO  no build target found for C:\GANTone\backend\src\main\java\com\example\GANTone\KafkaConfig.java. Using fallback presentation compiler.
2026.02.22 02:49:30 INFO  no build target found for C:\GANTone\backend\src\main\java\com\example\GANTone\KafkaConfig.java. Using fallback presentation compiler.
2026.02.22 02:49:30 INFO  no build target found for C:\GANTone\backend\src\main\java\com\example\GANTone\KafkaConfig.java. Using fallback presentation compiler.
2026.02.22 02:49:30 INFO  no build target found for C:\GANTone\backend\src\main\java\com\example\GANTone\KafkaConfig.java. Using fallback presentation compiler.
2026.02.22 02:49:29 INFO  no build target found for C:\GANTone\backend\src\main\java\com\example\GANTone\KafkaConfig.java. Using fallback presentation compiler.
2026.02.22 02:49:29 INFO  no build target found for C:\GANTone\backend\src\main\java\com\example\GANTone\KafkaConfig.java. Using fallback presentation compiler.
2026.02.22 02:49:30 INFO  no build target found for C:\GANTone\backend\src\main\java\com\example\GANTone\KafkaConfig.java. Using fallback presentation compiler.
2026.02.22 02:49:30 INFO  empty definition using pc, found symbol in pc: java/lang/Object# (full report at: "C:\GANTone\backend\.metals\.reports\metals-full\2026-02-22\r_empty-definition_02-48-55-852.md")
2026.02.22 02:49:31 INFO  no build target found for C:\GANTone\backend\src\main\java\com\example\GANTone\KafkaConfig.java. Using fallback presentation compiler.
2026.02.22 02:49:31 INFO  no build target found for C:\GANTone\backend\src\main\java\com\example\GANTone\KafkaConfig.java. Using fallback presentation compiler.
2026.02.22 02:49:32 WARN  no build target for: C:\GANTone\backend\src\main\java\com\example\GANTone\KafkaConfig.java
2026.02.22 02:49:32 INFO  no build target found for C:\GANTone\backend\src\main\java\com\example\GANTone\KafkaConfig.java. Using fallback presentation compiler.
2026.02.22 03:36:05 INFO  no build target found for C:\GANTone\backend\src\main\java\com\example\GANTone\KafkaConfig.java. Using fallback presentation compiler.
2026.02.22 03:36:08 WARN  no build target for: C:\GANTone\backend\src\main\java\com\example\GANTone\GANToneApplication.java
2026.02.22 03:36:08 INFO  no build target found for C:\GANTone\backend\src\main\java\com\example\GANTone\GANToneApplication.java. Using fallback presentation compiler.
2026.02.22 03:36:08 INFO  no build target found for C:\GANTone\backend\src\main\java\com\example\GANTone\GANToneApplication.java. Using fallback presentation compiler.
2026.02.22 03:36:09 INFO  no build target found for C:\GANTone\backend\src\main\java\com\example\GANTone\GANToneApplication.java. Using fallback presentation compiler.
2026.02.22 04:06:06 INFO  no build target found for C:\GANTone\backend\src\main\java\com\example\GANTone\KafkaConfig.java. Using fallback presentation compiler.
2026.02.22 04:06:06 WARN  no build target for: C:\GANTone\backend\src\main\java\com\example\GANTone\KafkaConfig.java
2026.02.22 04:06:06 INFO  no build target found for C:\GANTone\backend\src\main\java\com\example\GANTone\KafkaConfig.java. Using fallback presentation compiler.
февр. 22, 2026 4:06:07 AM org.eclipse.lsp4j.jsonrpc.RemoteEndpoint handleCancellation
WARNING: Unmatched cancel notification for request id 360
2026.02.22 04:06:07 INFO  no build target found for C:\GANTone\backend\src\main\java\com\example\GANTone\KafkaConfig.java. Using fallback presentation compiler.
февр. 22, 2026 4:06:07 AM org.eclipse.lsp4j.jsonrpc.RemoteEndpoint handleCancellation
WARNING: Unmatched cancel notification for request id 361
февр. 22, 2026 4:06:07 AM org.eclipse.lsp4j.jsonrpc.RemoteEndpoint handleCancellation
WARNING: Unmatched cancel notification for request id 364
2026.02.22 04:06:07 WARN  no build target for: C:\GANTone\backend\src\main\java\com\example\GANTone\GANToneApplication.java
2026.02.22 04:06:07 INFO  no build target found for C:\GANTone\backend\src\main\java\com\example\GANTone\GANToneApplication.java. Using fallback presentation compiler.
2026.02.22 04:06:07 INFO  no build target found for C:\GANTone\backend\src\main\java\com\example\GANTone\GANToneApplication.java. Using fallback presentation compiler.
2026.02.22 04:06:08 INFO  no build target found for C:\GANTone\backend\src\main\java\com\example\GANTone\GANToneApplication.java. Using fallback presentation compiler.
2026.02.22 04:06:08 INFO  no build target found for C:\GANTone\backend\src\main\java\com\example\GANTone\GANToneApplication.java. Using fallback presentation compiler.
2026.02.22 04:06:27 INFO  no build target found for C:\GANTone\backend\src\main\java\com\example\GANTone\GANToneApplication.java. Using fallback presentation compiler.
2026.02.22 04:06:28 INFO  no build target found for C:\GANTone\backend\src\main\java\com\example\GANTone\GANToneApplication.java. Using fallback presentation compiler.
2026.02.22 04:06:45 WARN  no build target for: C:\GANTone\backend\src\main\java\com\example\GANTone\KafkaConfig.java
2026.02.22 04:06:45 INFO  no build target found for C:\GANTone\backend\src\main\java\com\example\GANTone\KafkaConfig.java. Using fallback presentation compiler.
2026.02.22 04:06:45 INFO  no build target found for C:\GANTone\backend\src\main\java\com\example\GANTone\KafkaConfig.java. Using fallback presentation compiler.
2026.02.22 04:06:45 INFO  no build target found for C:\GANTone\backend\src\main\java\com\example\GANTone\KafkaConfig.java. Using fallback presentation compiler.
2026.02.22 04:06:58 INFO  no build target found for C:\GANTone\backend\src\main\java\com\example\GANTone\KafkaConfig.java. Using fallback presentation compiler.
2026.02.22 04:06:58 INFO  no build target found for C:\GANTone\backend\src\main\java\com\example\GANTone\KafkaConfig.java. Using fallback presentation compiler.
2026.02.22 04:06:58 INFO  no build target found for C:\GANTone\backend\src\main\java\com\example\GANTone\KafkaConfig.java. Using fallback presentation compiler.
2026.02.22 04:06:58 INFO  Created report: Optional[file:///C:/GANTone/backend/src/main/java/com/example/GANTone/KafkaConfig.java]
2026.02.22 04:06:58 INFO  empty definition using pc, found symbol in pc: java/lang/Exception# (full report at: "C:\GANTone\backend\.metals\.reports\metals-full\2026-02-22\r_empty-definition_04-06-58-694.md")
февр. 22, 2026 4:06:58 AM org.eclipse.lsp4j.jsonrpc.RemoteEndpoint handleCancellation
WARNING: Unmatched cancel notification for request id 401
2026.02.22 04:06:58 INFO  no build target found for C:\GANTone\backend\src\main\java\com\example\GANTone\KafkaConfig.java. Using fallback presentation compiler.
2026.02.22 04:06:58 INFO  Created report: Optional[file:///C:/GANTone/backend/src/main/java/com/example/GANTone/KafkaConfig.java]
2026.02.22 04:06:58 INFO  empty definition using pc, found symbol in pc: java/lang/RuntimeException# (full report at: "C:\GANTone\backend\.metals\.reports\metals-full\2026-02-22\r_empty-definition_04-06-58-887.md")
2026.02.22 04:06:58 INFO  no build target found for C:\GANTone\backend\src\main\java\com\example\GANTone\KafkaConfig.java. Using fallback presentation compiler.
2026.02.22 04:07:02 INFO  no build target found for C:\GANTone\backend\src\main\java\com\example\GANTone\KafkaConfig.java. Using fallback presentation compiler.
2026.02.22 04:07:02 INFO  no build target found for C:\GANTone\backend\src\main\java\com\example\GANTone\KafkaConfig.java. Using fallback presentation compiler.
2026.02.22 04:07:03 INFO  no build target found for C:\GANTone\backend\src\main\java\com\example\GANTone\KafkaConfig.java. Using fallback presentation compiler.
февр. 22, 2026 4:07:03 AM org.eclipse.lsp4j.jsonrpc.RemoteEndpoint handleCancellation
WARNING: Unmatched cancel notification for request id 423
2026.02.22 04:07:03 INFO  no build target found for C:\GANTone\backend\src\main\java\com\example\GANTone\KafkaConfig.java. Using fallback presentation compiler.
2026.02.22 04:07:03 INFO  no build target found for C:\GANTone\backend\src\main\java\com\example\GANTone\KafkaConfig.java. Using fallback presentation compiler.
2026.02.22 04:07:03 INFO  no build target found for C:\GANTone\backend\src\main\java\com\example\GANTone\KafkaConfig.java. Using fallback presentation compiler.
2026.02.22 04:07:04 INFO  no build target found for C:\GANTone\backend\src\main\java\com\example\GANTone\KafkaConfig.java. Using fallback presentation compiler.
2026.02.22 04:07:04 INFO  no build target found for C:\GANTone\backend\src\main\java\com\example\GANTone\KafkaConfig.java. Using fallback presentation compiler.
2026.02.22 04:07:04 INFO  no build target found for C:\GANTone\backend\src\main\java\com\example\GANTone\KafkaConfig.java. Using fallback presentation compiler.
2026.02.22 04:07:04 INFO  no build target found for C:\GANTone\backend\src\main\java\com\example\GANTone\KafkaConfig.java. Using fallback presentation compiler.
2026.02.22 04:07:04 INFO  no build target found for C:\GANTone\backend\src\main\java\com\example\GANTone\KafkaConfig.java. Using fallback presentation compiler.
2026.02.22 04:07:04 INFO  no build target found for C:\GANTone\backend\src\main\java\com\example\GANTone\KafkaConfig.java. Using fallback presentation compiler.
2026.02.22 04:07:05 INFO  no build target found for C:\GANTone\backend\src\main\java\com\example\GANTone\KafkaConfig.java. Using fallback presentation compiler.
2026.02.22 04:07:06 INFO  no build target found for C:\GANTone\backend\src\main\java\com\example\GANTone\KafkaConfig.java. Using fallback presentation compiler.
2026.02.22 04:07:06 INFO  no build target found for C:\GANTone\backend\src\main\java\com\example\GANTone\KafkaConfig.java. Using fallback presentation compiler.
2026.02.22 04:07:06 INFO  no build target found for C:\GANTone\backend\src\main\java\com\example\GANTone\KafkaConfig.java. Using fallback presentation compiler.
2026.02.22 04:07:06 INFO  no build target found for C:\GANTone\backend\src\main\java\com\example\GANTone\KafkaConfig.java. Using fallback presentation compiler.
2026.02.22 04:07:07 INFO  no build target found for C:\GANTone\backend\src\main\java\com\example\GANTone\KafkaConfig.java. Using fallback presentation compiler.
2026.02.22 04:07:07 INFO  no build target found for C:\GANTone\backend\src\main\java\com\example\GANTone\KafkaConfig.java. Using fallback presentation compiler.
2026.02.22 04:07:07 INFO  no build target found for C:\GANTone\backend\src\main\java\com\example\GANTone\KafkaConfig.java. Using fallback presentation compiler.
2026.02.22 04:07:07 INFO  no build target found for C:\GANTone\backend\src\main\java\com\example\GANTone\KafkaConfig.java. Using fallback presentation compiler.
2026.02.22 04:07:07 INFO  no build target found for C:\GANTone\backend\src\main\java\com\example\GANTone\KafkaConfig.java. Using fallback presentation compiler.
2026.02.22 04:07:07 INFO  no build target found for C:\GANTone\backend\src\main\java\com\example\GANTone\KafkaConfig.java. Using fallback presentation compiler.
2026.02.22 04:07:08 INFO  no build target found for C:\GANTone\backend\src\main\java\com\example\GANTone\KafkaConfig.java. Using fallback presentation compiler.
2026.02.22 04:07:07 INFO  no build target found for C:\GANTone\backend\src\main\java\com\example\GANTone\KafkaConfig.java. Using fallback presentation compiler.
2026.02.22 04:07:08 INFO  no build target found for C:\GANTone\backend\src\main\java\com\example\GANTone\KafkaConfig.java. Using fallback presentation compiler.
2026.02.22 04:07:08 INFO  no build target found for C:\GANTone\backend\src\main\java\com\example\GANTone\KafkaConfig.java. Using fallback presentation compiler.
2026.02.22 04:07:10 INFO  no build target found for C:\GANTone\backend\src\main\java\com\example\GANTone\KafkaConfig.java. Using fallback presentation compiler.
2026.02.22 04:07:10 INFO  no build target found for C:\GANTone\backend\src\main\java\com\example\GANTone\KafkaConfig.java. Using fallback presentation compiler.
2026.02.22 04:07:10 INFO  no build target found for C:\GANTone\backend\src\main\java\com\example\GANTone\KafkaConfig.java. Using fallback presentation compiler.
2026.02.22 04:07:12 INFO  no build target found for C:\GANTone\backend\src\main\java\com\example\GANTone\KafkaConfig.java. Using fallback presentation compiler.
2026.02.22 04:07:12 INFO  no build target found for C:\GANTone\backend\src\main\java\com\example\GANTone\KafkaConfig.java. Using fallback presentation compiler.
2026.02.22 04:07:12 INFO  no build target found for C:\GANTone\backend\src\main\java\com\example\GANTone\KafkaConfig.java. Using fallback presentation compiler.
2026.02.22 04:07:12 INFO  no build target found for C:\GANTone\backend\src\main\java\com\example\GANTone\KafkaConfig.java. Using fallback presentation compiler.
2026.02.22 04:07:12 INFO  no build target found for C:\GANTone\backend\src\main\java\com\example\GANTone\KafkaConfig.java. Using fallback presentation compiler.
2026.02.22 04:07:12 INFO  no build target found for C:\GANTone\backend\src\main\java\com\example\GANTone\KafkaConfig.java. Using fallback presentation compiler.
2026.02.22 04:07:13 INFO  no build target found for C:\GANTone\backend\src\main\java\com\example\GANTone\KafkaConfig.java. Using fallback presentation compiler.
2026.02.22 04:07:13 INFO  no build target found for C:\GANTone\backend\src\main\java\com\example\GANTone\KafkaConfig.java. Using fallback presentation compiler.
2026.02.22 04:07:17 INFO  no build target found for C:\GANTone\backend\src\main\java\com\example\GANTone\KafkaConfig.java. Using fallback presentation compiler.
2026.02.22 04:07:17 INFO  no build target found for C:\GANTone\backend\src\main\java\com\example\GANTone\KafkaConfig.java. Using fallback presentation compiler.
2026.02.22 04:07:17 INFO  no build target found for C:\GANTone\backend\src\main\java\com\example\GANTone\KafkaConfig.java. Using fallback presentation compiler.
2026.02.22 04:07:17 INFO  no build target found for C:\GANTone\backend\src\main\java\com\example\GANTone\KafkaConfig.java. Using fallback presentation compiler.
февр. 22, 2026 4:07:17 AM org.eclipse.lsp4j.jsonrpc.RemoteEndpoint handleCancellation
WARNING: Unmatched cancel notification for request id 488
2026.02.22 04:07:17 INFO  no build target found for C:\GANTone\backend\src\main\java\com\example\GANTone\KafkaConfig.java. Using fallback presentation compiler.
февр. 22, 2026 4:07:18 AM org.eclipse.lsp4j.jsonrpc.RemoteEndpoint handleCancellation
WARNING: Unmatched cancel notification for request id 489
2026.02.22 04:07:17 INFO  no build target found for C:\GANTone\backend\src\main\java\com\example\GANTone\KafkaConfig.java. Using fallback presentation compiler.
2026.02.22 04:07:18 INFO  no build target found for C:\GANTone\backend\src\main\java\com\example\GANTone\KafkaConfig.java. Using fallback presentation compiler.
2026.02.22 04:07:18 INFO  no build target found for C:\GANTone\backend\src\main\java\com\example\GANTone\KafkaConfig.java. Using fallback presentation compiler.
2026.02.22 04:07:18 INFO  no build target found for C:\GANTone\backend\src\main\java\com\example\GANTone\KafkaConfig.java. Using fallback presentation compiler.
2026.02.22 04:07:18 INFO  no build target found for C:\GANTone\backend\src\main\java\com\example\GANTone\KafkaConfig.java. Using fallback presentation compiler.
2026.02.22 04:07:19 INFO  no build target found for C:\GANTone\backend\src\main\java\com\example\GANTone\KafkaConfig.java. Using fallback presentation compiler.
2026.02.22 04:07:19 INFO  no build target found for C:\GANTone\backend\src\main\java\com\example\GANTone\KafkaConfig.java. Using fallback presentation compiler.
2026.02.22 04:07:19 INFO  no build target found for C:\GANTone\backend\src\main\java\com\example\GANTone\KafkaConfig.java. Using fallback presentation compiler.
2026.02.22 04:07:20 INFO  no build target found for C:\GANTone\backend\src\main\java\com\example\GANTone\KafkaConfig.java. Using fallback presentation compiler.
2026.02.22 04:07:19 INFO  no build target found for C:\GANTone\backend\src\main\java\com\example\GANTone\KafkaConfig.java. Using fallback presentation compiler.
2026.02.22 04:07:20 INFO  no build target found for C:\GANTone\backend\src\main\java\com\example\GANTone\KafkaConfig.java. Using fallback presentation compiler.
2026.02.22 04:07:20 INFO  no build target found for C:\GANTone\backend\src\main\java\com\example\GANTone\KafkaConfig.java. Using fallback presentation compiler.
2026.02.22 04:07:20 INFO  no build target found for C:\GANTone\backend\src\main\java\com\example\GANTone\KafkaConfig.java. Using fallback presentation compiler.
2026.02.22 04:07:21 INFO  no build target found for C:\GANTone\backend\src\main\java\com\example\GANTone\KafkaConfig.java. Using fallback presentation compiler.
2026.02.22 04:07:21 INFO  no build target found for C:\GANTone\backend\src\main\java\com\example\GANTone\KafkaConfig.java. Using fallback presentation compiler.
2026.02.22 04:07:21 INFO  no build target found for C:\GANTone\backend\src\main\java\com\example\GANTone\KafkaConfig.java. Using fallback presentation compiler.
2026.02.22 04:07:22 INFO  no build target found for C:\GANTone\backend\src\main\java\com\example\GANTone\KafkaConfig.java. Using fallback presentation compiler.
2026.02.22 04:07:22 INFO  no build target found for C:\GANTone\backend\src\main\java\com\example\GANTone\KafkaConfig.java. Using fallback presentation compiler.
2026.02.22 04:07:22 INFO  no build target found for C:\GANTone\backend\src\main\java\com\example\GANTone\KafkaConfig.java. Using fallback presentation compiler.
2026.02.22 04:07:22 INFO  no build target found for C:\GANTone\backend\src\main\java\com\example\GANTone\KafkaConfig.java. Using fallback presentation compiler.
2026.02.22 04:07:22 INFO  no build target found for C:\GANTone\backend\src\main\java\com\example\GANTone\KafkaConfig.java. Using fallback presentation compiler.
2026.02.22 04:07:22 INFO  no build target found for C:\GANTone\backend\src\main\java\com\example\GANTone\KafkaConfig.java. Using fallback presentation compiler.
2026.02.22 04:07:22 INFO  no build target found for C:\GANTone\backend\src\main\java\com\example\GANTone\KafkaConfig.java. Using fallback presentation compiler.
2026.02.22 04:07:22 INFO  no build target found for C:\GANTone\backend\src\main\java\com\example\GANTone\KafkaConfig.java. Using fallback presentation compiler.
2026.02.22 04:07:22 INFO  no build target found for C:\GANTone\backend\src\main\java\com\example\GANTone\KafkaConfig.java. Using fallback presentation compiler.
2026.02.22 04:07:24 INFO  no build target found for C:\GANTone\backend\src\main\java\com\example\GANTone\KafkaConfig.java. Using fallback presentation compiler.
2026.02.22 04:07:27 INFO  no build target found for C:\GANTone\backend\src\main\java\com\example\GANTone\KafkaConfig.java. Using fallback presentation compiler.
2026.02.22 04:07:27 INFO  no build target found for C:\GANTone\backend\src\main\java\com\example\GANTone\KafkaConfig.java. Using fallback presentation compiler.
2026.02.22 04:07:29 INFO  no build target found for C:\GANTone\backend\src\main\java\com\example\GANTone\KafkaConfig.java. Using fallback presentation compiler.
2026.02.22 04:07:29 INFO  empty definition using pc, found symbol in pc: java/lang/String# (full report at: "C:\GANTone\backend\.metals\.reports\metals-full\2026-02-22\r_empty-definition_02-48-53-304.md")
2026.02.22 04:07:39 INFO  no build target found for C:\GANTone\backend\src\main\java\com\example\GANTone\KafkaConfig.java. Using fallback presentation compiler.
2026.02.22 04:07:39 INFO  no build target found for C:\GANTone\backend\src\main\java\com\example\GANTone\KafkaConfig.java. Using fallback presentation compiler.
2026.02.22 04:07:39 INFO  no build target found for C:\GANTone\backend\src\main\java\com\example\GANTone\KafkaConfig.java. Using fallback presentation compiler.
2026.02.22 04:07:39 INFO  empty definition using pc, found symbol in pc: java/lang/String# (full report at: "C:\GANTone\backend\.metals\.reports\metals-full\2026-02-22\r_empty-definition_02-48-53-304.md")
2026.02.22 04:07:39 WARN  no build target for: C:\GANTone\backend\src\main\java\com\example\GANTone\KafkaConfig.java
2026.02.22 04:07:39 INFO  no build target found for C:\GANTone\backend\src\main\java\com\example\GANTone\KafkaConfig.java. Using fallback presentation compiler.
2026.02.22 05:17:48 INFO  no build target found for C:\GANTone\backend\src\main\java\com\example\GANTone\GANToneApplication.java. Using fallback presentation compiler.
2026.02.22 05:17:48 WARN  no build target for: C:\GANTone\backend\src\main\java\com\example\GANTone\GANToneApplication.java
2026.02.22 05:17:48 INFO  no build target found for C:\GANTone\backend\src\main\java\com\example\GANTone\GANToneApplication.java. Using fallback presentation compiler.
2026.02.22 05:17:49 INFO  no build target found for C:\GANTone\backend\src\main\java\com\example\GANTone\GANToneApplication.java. Using fallback presentation compiler.
2026.02.22 05:20:36 INFO  no build target found for C:\GANTone\backend\src\main\java\com\example\GANTone\GANToneApplication.java. Using fallback presentation compiler.
2026.02.22 05:20:36 INFO  no build target found for C:\GANTone\backend\src\main\java\com\example\GANTone\GANToneApplication.java. Using fallback presentation compiler.
2026.02.22 05:20:37 INFO  no build target found for C:\GANTone\backend\src\main\java\com\example\GANTone\GANToneApplication.java. Using fallback presentation compiler.
2026.02.22 05:20:37 INFO  Created report: Optional[file:///C:/GANTone/backend/src/main/java/com/example/GANTone/GANToneApplication.java]
2026.02.22 05:20:37 INFO  empty definition using pc, found symbol in pc: _empty_/GeneratedValue#strategy# (full report at: "C:\GANTone\backend\.metals\.reports\metals-full\2026-02-22\r_empty-definition_05-20-37-347.md")
2026.02.22 05:33:34 INFO  no build target found for C:\GANTone\backend\src\main\java\com\example\GANTone\KafkaConfig.java. Using fallback presentation compiler.
2026.02.22 05:33:34 WARN  no build target for: C:\GANTone\backend\src\main\java\com\example\GANTone\KafkaConfig.java
2026.02.22 05:33:34 INFO  no build target found for C:\GANTone\backend\src\main\java\com\example\GANTone\KafkaConfig.java. Using fallback presentation compiler.
2026.02.22 05:33:36 INFO  no build target found for C:\GANTone\backend\src\main\java\com\example\GANTone\KafkaConfig.java. Using fallback presentation compiler.
2026.02.22 05:33:36 INFO  no build target found for C:\GANTone\backend\src\main\java\com\example\GANTone\KafkaConfig.java. Using fallback presentation compiler.
2026.02.22 05:33:37 INFO  no build target found for C:\GANTone\backend\src\main\java\com\example\GANTone\KafkaConfig.java. Using fallback presentation compiler.
2026.02.22 05:33:37 INFO  no build target found for C:\GANTone\backend\src\main\java\com\example\GANTone\KafkaConfig.java. Using fallback presentation compiler.
2026.02.22 05:33:38 INFO  no build target found for C:\GANTone\backend\src\main\java\com\example\GANTone\KafkaConfig.java. Using fallback presentation compiler.
2026.02.22 05:33:38 INFO  no build target found for C:\GANTone\backend\src\main\java\com\example\GANTone\KafkaConfig.java. Using fallback presentation compiler.
2026.02.22 05:33:37 INFO  no build target found for C:\GANTone\backend\src\main\java\com\example\GANTone\KafkaConfig.java. Using fallback presentation compiler.
2026.02.22 05:33:39 INFO  no build target found for C:\GANTone\backend\src\main\java\com\example\GANTone\KafkaConfig.java. Using fallback presentation compiler.
2026.02.22 05:55:24 INFO  Shutting down server
2026.02.22 05:55:24 INFO  Memory monitor stopped
2026.02.22 05:55:24 INFO  shutting down Metals
2026.02.22 05:55:24 INFO  Exiting server
2026.02.22 05:55:24 ERROR Unexpected error initializing server: 
org.eclipse.lsp4j.jsonrpc.ResponseErrorException: Request window/showMessageRequest failed with message: Canceled
	at org.eclipse.lsp4j.jsonrpc.RemoteEndpoint.handleResponse(RemoteEndpoint.java:220)
	at org.eclipse.lsp4j.jsonrpc.RemoteEndpoint.consume(RemoteEndpoint.java:204)
	at org.eclipse.lsp4j.jsonrpc.json.StreamMessageProducer.handleMessage(StreamMessageProducer.java:185)
	at org.eclipse.lsp4j.jsonrpc.json.StreamMessageProducer.listen(StreamMessageProducer.java:97)
	at org.eclipse.lsp4j.jsonrpc.json.ConcurrentMessageProcessor.run(ConcurrentMessageProcessor.java:114)
	at java.util.concurrent.Executors$RunnableAdapter.call(Executors.java:545)
	at java.util.concurrent.FutureTask.run(FutureTask.java:328)
	at java.util.concurrent.ThreadPoolExecutor.runWorker(ThreadPoolExecutor.java:1095)
	at java.util.concurrent.ThreadPoolExecutor$Worker.run(ThreadPoolExecutor.java:619)
	at java.lang.Thread.run(Thread.java:1447)

